pages with FAQPage checked: 214
pages with issues: 9  absent-from-page Qs: 19  hidden-EN-only Qs: 7  paraphrase-drift Qs: 7

blog/line-keep-alternative.html  (added 2026-03-16)  JSON-LD Q=14 absent=0 hidden=7 drift=0
   HIDDEN : Where is LINE Keep Memo?
   HIDDEN : Can I migrate my LINE Keep data?
   HIDDEN : What about image memos?
   HIDDEN : What's the difference between LINE Keep Memo and Simple Memo - for Obsidian?
   HIDDEN : What's the best LINE Keep alternative for Android?
   HIDDEN : When did LINE Keep shut down?
   HIDDEN : Is LINE Keep Memo discontinued too?

obsidian/apple-watch-not-working/index.html  (added 2026-08-11)  JSON-LD Q=8 absent=3 hidden=0 drift=0
   ABSENT : 保管庫をiCloud Driveに置けば、WatchのファイルAppから書き込めませんか？
   ABSENT : Watchのボイスメモやリマインダーに残せば、Obsidianに自動で入りますか？
   ABSENT : いま現実的に、手首からObsidianへつなげる方法はありますか？

obsidian/compare/index.html  (added 2026-08-19)  JSON-LD Q=5 absent=1 hidden=0 drift=0
   ABSENT : 比較する前に、まずObsidianを試すにはどうすればいいですか？

obsidian/compare/logseq/index.html  (added 2026-08-11)  JSON-LD Q=6 absent=1 hidden=0 drift=0
   ABSENT : iPhoneだけでObsidianやLogseqを使えますか？

obsidian/daily-note/index.html  (added 2026-08-11)  JSON-LD Q=8 absent=2 hidden=0 drift=2
   ABSENT : 「iPhoneを開かず」とは具体的にどこまでを指しますか？
   ABSENT : 声だけでデイリーノートに追記できますか？
   DRIFT  : デイリーノートに追記したはずなのに、ノートに何も増えていません
   DRIFT  : Obsidianを開かずに追記できるのはどの方法ですか？

obsidian/getting-started/index.html  (added 2026-08-12)  JSON-LD Q=7 absent=2 hidden=0 drift=3
   ABSENT : WindowsやMacでも同じ手順で始められますか？
   ABSENT : iPhoneだけでObsidianを始められますか？
   DRIFT  : Obsidianを始めるのにアカウント登録は必要ですか？
   DRIFT  : Obsidianは日本語で使えますか？
   DRIFT  : Obsidianの保管庫（Vault）とは何ですか？

obsidian/plugins/index.html  (added 2026-08-21)  JSON-LD Q=7 absent=1 hidden=0 drift=1
   ABSENT : プラグインの数と実際の使われ方は一致しますか？
   DRIFT  : プラグインはどこから入れますか？公式以外からも入りますか？

obsidian/shortcuts-not-working/index.html  (added 2026-08-11)  JSON-LD Q=8 absent=8 hidden=0 drift=0
   ABSENT : ショートカットAppに「Obsidian」のアクションが出てきません
   ABSENT : ショートカットを実行するとObsidianが前面に開いてしまいます
   ABSENT : メモの本文が途中で切れます／記号が消えます
   ABSENT : 追記したいのに毎回あたらしいノートができてしまいます
   ABSENT : デイリーノートに追記されず、別の場所に書かれます
   ABSENT : 別の保管庫に書き込まれてしまいます
   ABSENT : Apple Watchからショートカットを実行すると失敗します
   ABSENT : 圏外や機内モードだと書き込めません／ロック中に実行できません

obsidian/what-is-vault/index.html  (added 2026-08-19)  JSON-LD Q=5 absent=1 hidden=0 drift=1
   ABSENT : 既存のフォルダを保管庫にすると、中身に何か追加されますか？
   DRIFT  : 保管庫を別のパソコンへ移すにはどうすればいいですか？
