obsidian/apple-watch-not-working/index.html   faq=8 {'VISIBLE': 5, 'NOT-ON-PAGE': 3}
    NOT-ON-PAGE: 保管庫をiCloud Driveに置けば、WatchのファイルAppから書き込めませんか？
    NOT-ON-PAGE: Watchのボイスメモやリマインダーに残せば、Obsidianに自動で入りますか？
    NOT-ON-PAGE: いま現実的に、手首からObsidianへつなげる方法はありますか？
    first visible faq element: "Apple WatchにObsidianアプリを入れられないのはなぜですか？ Why can't I install Obsidian on my Apple Watch?"
obsidian/compare/index.html                   faq=5 {'VISIBLE': 4, 'NOT-ON-PAGE': 1}
    NOT-ON-PAGE: 比較する前に、まずObsidianを試すにはどうすればいいですか？
    first visible faq element: 'Obsidianと比較されることが多いのはどのアプリですか？ Which apps get compared with Obsidian most?'
obsidian/compare/logseq/index.html            faq=6 {'VISIBLE': 5, 'NOT-ON-PAGE': 1}
    NOT-ON-PAGE: iPhoneだけでObsidianやLogseqを使えますか？
    first visible faq element: 'ObsidianとLogseqは併用できますか？ Can Obsidian and Logseq share a vault?'
obsidian/daily-note/index.html                faq=8 {'NOT-ON-PAGE': 4, 'VISIBLE': 4}
    NOT-ON-PAGE: デイリーノートに追記したはずなのに、ノートに何も増えていません
    NOT-ON-PAGE: 「iPhoneを開かず」とは具体的にどこまでを指しますか？
    NOT-ON-PAGE: Obsidianを開かずに追記できるのはどの方法ですか？
    NOT-ON-PAGE: 声だけでデイリーノートに追記できますか？
    first visible faq element: '追記したはずなのに、ノートに何も増えていません I appended, but nothing appeared in the note'
obsidian/getting-started/index.html           faq=7 {'VISIBLE': 2, 'NOT-ON-PAGE': 5}
    NOT-ON-PAGE: Obsidianを始めるのにアカウント登録は必要ですか？
    NOT-ON-PAGE: Obsidianは日本語で使えますか？
    NOT-ON-PAGE: Obsidianの保管庫（Vault）とは何ですか？
    NOT-ON-PAGE: WindowsやMacでも同じ手順で始められますか？
    NOT-ON-PAGE: iPhoneだけでObsidianを始められますか？
    first visible faq element: 'Obsidianはどこからダウンロードできますか？ Where can I download Obsidian?'
obsidian/plugins/index.html                   faq=7 {'VISIBLE': 5, 'NOT-ON-PAGE': 2}
    NOT-ON-PAGE: プラグインの数と実際の使われ方は一致しますか？
    NOT-ON-PAGE: プラグインはどこから入れますか？公式以外からも入りますか？
    first visible faq element: 'Obsidianのプラグインは何個ありますか？ How many Obsidian plugins are there?'
obsidian/shortcuts-not-working/index.html     faq=8 {'NOT-ON-PAGE': 8}
    NOT-ON-PAGE: ショートカットAppに「Obsidian」のアクションが出てきません
    NOT-ON-PAGE: ショートカットを実行するとObsidianが前面に開いてしまいます
    NOT-ON-PAGE: メモの本文が途中で切れます／記号が消えます
    NOT-ON-PAGE: 追記したいのに毎回あたらしいノートができてしまいます
    NOT-ON-PAGE: デイリーノートに追記されず、別の場所に書かれます
    NOT-ON-PAGE: 別の保管庫に書き込まれてしまいます
    NOT-ON-PAGE: Apple Watchからショートカットを実行すると失敗します
    NOT-ON-PAGE: 圏外や機内モードだと書き込めません／ロック中に実行できません
    first visible faq element: 'ショートカットとアプリ内蔵アクション、どちらを使うべきですか？ Should I use the built-in actions or the URL scheme?'
obsidian/what-is-vault/index.html             faq=5 {'VISIBLE': 3, 'NOT-ON-PAGE': 2}
    NOT-ON-PAGE: 保管庫を別のパソコンへ移すにはどうすればいいですか？
    NOT-ON-PAGE: 既存のフォルダを保管庫にすると、中身に何か追加されますか？
    first visible faq element: 'Obsidianの保管庫（Vault）とは何ですか？ What is an Obsidian vault?'
TOTAL non-visible questions: 26
